2025-05-28T05:02:04.8519186Z Current runner version: '2.324.0'
2025-05-28T05:02:04.8551930Z ##[group]Operating System
2025-05-28T05:02:04.8552787Z Ubuntu
2025-05-28T05:02:04.8553298Z 24.04.2
2025-05-28T05:02:04.8553838Z LTS
2025-05-28T05:02:04.8554319Z ##[endgroup]
2025-05-28T05:02:04.8554865Z ##[group]Runner Image
2025-05-28T05:02:04.8555461Z Image: ubuntu-24.04
2025-05-28T05:02:04.8555989Z Version: 20250511.1.0
2025-05-28T05:02:04.8556986Z Included Software: https://github.com/actions/runner-images/blob/ubuntu24/20250511.1/images/ubuntu/Ubuntu2404-Readme.md
2025-05-28T05:02:04.8558430Z Image Release: https://github.com/actions/runner-images/releases/tag/ubuntu24%2F20250511.1
2025-05-28T05:02:04.8559571Z ##[endgroup]
2025-05-28T05:02:04.8560204Z ##[group]Runner Image Provisioner
2025-05-28T05:02:04.8560829Z 2.0.437.1
2025-05-28T05:02:04.8561283Z ##[endgroup]
2025-05-28T05:02:04.8562460Z ##[group]GITHUB_TOKEN Permissions
2025-05-28T05:02:04.8564580Z Contents: read
2025-05-28T05:02:04.8565221Z Metadata: read
2025-05-28T05:02:04.8565916Z Packages: read
2025-05-28T05:02:04.8566590Z ##[endgroup]
2025-05-28T05:02:04.8568707Z Secret source: Actions
2025-05-28T05:02:04.8569639Z Prepare workflow directory
2025-05-28T05:02:04.8971769Z Prepare all required actions
2025-05-28T05:02:04.9028116Z Getting action download info
2025-05-28T05:02:05.2197418Z ##[group]Download immutable action package 'actions/checkout@v2'
2025-05-28T05:02:05.2198438Z Version: 2.7.0
2025-05-28T05:02:05.2199806Z Digest: sha256:95d28907bc868c0bab52f05f1f84cf8416c9415fba4c92519bc0b83bdce1eae3
2025-05-28T05:02:05.2201012Z Source commit SHA: ee0669bd1cc54295c223e0bb666b733df41de1c5
2025-05-28T05:02:05.2201825Z ##[endgroup]
2025-05-28T05:02:05.2935400Z Download action repository 'einaregilsson/beanstalk-deploy@v18' (SHA:af31173a6a0ffcbde0bd555ee228e34cd9bb63f8)
2025-05-28T05:02:05.7021600Z Complete job name: build
2025-05-28T05:02:05.7805086Z ##[group]Run actions/checkout@v2
2025-05-28T05:02:05.7806007Z with:
2025-05-28T05:02:05.7806525Z   repository: sanjay-rb/docker-kubernetes-notes
2025-05-28T05:02:05.7807403Z   token: ***
2025-05-28T05:02:05.7807834Z   ssh-strict: true
2025-05-28T05:02:05.7808303Z   persist-credentials: true
2025-05-28T05:02:05.7808808Z   clean: true
2025-05-28T05:02:05.7809499Z   fetch-depth: 1
2025-05-28T05:02:05.7809942Z   lfs: false
2025-05-28T05:02:05.7810373Z   submodules: false
2025-05-28T05:02:05.7810842Z   set-safe-directory: true
2025-05-28T05:02:05.7811689Z ##[endgroup]
2025-05-28T05:02:05.9533764Z Syncing repository: sanjay-rb/docker-kubernetes-notes
2025-05-28T05:02:05.9536892Z ##[group]Getting Git version info
2025-05-28T05:02:05.9538681Z Working directory is '/home/runner/work/docker-kubernetes-notes/docker-kubernetes-notes'
2025-05-28T05:02:05.9541310Z [command]/usr/bin/git version
2025-05-28T05:02:05.9573226Z git version 2.49.0
2025-05-28T05:02:05.9601130Z ##[endgroup]
2025-05-28T05:02:05.9619960Z Temporarily overriding HOME='/home/runner/work/_temp/724a06fe-4f02-4441-a175-7222c0a033e8' before making global git config changes
2025-05-28T05:02:05.9622692Z Adding repository directory to the temporary git global config as a safe directory
2025-05-28T05:02:05.9625394Z [command]/usr/bin/git config --global --add safe.directory /home/runner/work/docker-kubernetes-notes/docker-kubernetes-notes
2025-05-28T05:02:05.9665001Z Deleting the contents of '/home/runner/work/docker-kubernetes-notes/docker-kubernetes-notes'
2025-05-28T05:02:05.9668667Z ##[group]Initializing the repository
2025-05-28T05:02:05.9673485Z [command]/usr/bin/git init /home/runner/work/docker-kubernetes-notes/docker-kubernetes-notes
2025-05-28T05:02:05.9738487Z hint: Using 'master' as the name for the initial branch. This default branch name
2025-05-28T05:02:05.9740032Z hint: is subject to change. To configure the initial branch name to use in all
2025-05-28T05:02:05.9741064Z hint: of your new repositories, which will suppress this warning, call:
2025-05-28T05:02:05.9741861Z hint:
2025-05-28T05:02:05.9742868Z hint: 	git config --global init.defaultBranch <name>
2025-05-28T05:02:05.9743962Z hint:
2025-05-28T05:02:05.9745591Z hint: Names commonly chosen instead of 'master' are 'main', 'trunk' and
2025-05-28T05:02:05.9747530Z hint: 'development'. The just-created branch can be renamed via this command:
2025-05-28T05:02:05.9749269Z hint:
2025-05-28T05:02:05.9750162Z hint: 	git branch -m <name>
2025-05-28T05:02:05.9751981Z Initialized empty Git repository in /home/runner/work/docker-kubernetes-notes/docker-kubernetes-notes/.git/
2025-05-28T05:02:05.9755413Z [command]/usr/bin/git remote add origin https://github.com/sanjay-rb/docker-kubernetes-notes
2025-05-28T05:02:05.9790888Z ##[endgroup]
2025-05-28T05:02:05.9796631Z ##[group]Disabling automatic garbage collection
2025-05-28T05:02:05.9797938Z [command]/usr/bin/git config --local gc.auto 0
2025-05-28T05:02:05.9826496Z ##[endgroup]
2025-05-28T05:02:05.9827990Z ##[group]Setting up auth
2025-05-28T05:02:05.9834134Z [command]/usr/bin/git config --local --name-only --get-regexp core\.sshCommand
2025-05-28T05:02:05.9864803Z [command]/usr/bin/git submodule foreach --recursive sh -c "git config --local --name-only --get-regexp 'core\.sshCommand' && git config --local --unset-all 'core.sshCommand' || :"
2025-05-28T05:02:06.0153794Z [command]/usr/bin/git config --local --name-only --get-regexp http\.https\:\/\/github\.com\/\.extraheader
2025-05-28T05:02:06.0187196Z [command]/usr/bin/git submodule foreach --recursive sh -c "git config --local --name-only --get-regexp 'http\.https\:\/\/github\.com\/\.extraheader' && git config --local --unset-all 'http.https://github.com/.extraheader' || :"
2025-05-28T05:02:06.0428127Z [command]/usr/bin/git config --local http.https://github.com/.extraheader AUTHORIZATION: basic ***
2025-05-28T05:02:06.0468886Z ##[endgroup]
2025-05-28T05:02:06.0469952Z ##[group]Fetching the repository
2025-05-28T05:02:06.0477496Z [command]/usr/bin/git -c protocol.version=2 fetch --no-tags --prune --progress --no-recurse-submodules --depth=1 origin +dcf115a1786dee35d8d713437fd18ff1deb573b6:refs/remotes/origin/main
2025-05-28T05:02:06.4349225Z remote: Enumerating objects: 44, done.        
2025-05-28T05:02:06.4350896Z remote: Counting objects:   2% (1/44)        
2025-05-28T05:02:06.4351825Z remote: Counting objects:   4% (2/44)        
2025-05-28T05:02:06.4352862Z remote: Counting objects:   6% (3/44)        
2025-05-28T05:02:06.4353798Z remote: Counting objects:   9% (4/44)        
2025-05-28T05:02:06.4354718Z remote: Counting objects:  11% (5/44)        
2025-05-28T05:02:06.4355626Z remote: Counting objects:  13% (6/44)        
2025-05-28T05:02:06.4356546Z remote: Counting objects:  15% (7/44)        
2025-05-28T05:02:06.4357450Z remote: Counting objects:  18% (8/44)        
2025-05-28T05:02:06.4358349Z remote: Counting objects:  20% (9/44)        
2025-05-28T05:02:06.4359383Z remote: Counting objects:  22% (10/44)        
2025-05-28T05:02:06.4360511Z remote: Counting objects:  25% (11/44)        
2025-05-28T05:02:06.4361546Z remote: Counting objects:  27% (12/44)        
2025-05-28T05:02:06.4363316Z remote: Counting objects:  29% (13/44)        
2025-05-28T05:02:06.4365547Z remote: Counting objects:  31% (14/44)        
2025-05-28T05:02:06.4367132Z remote: Counting objects:  34% (15/44)        
2025-05-28T05:02:06.4368584Z remote: Counting objects:  36% (16/44)        
2025-05-28T05:02:06.4370270Z remote: Counting objects:  38% (17/44)        
2025-05-28T05:02:06.4371743Z remote: Counting objects:  40% (18/44)        
2025-05-28T05:02:06.4373205Z remote: Counting objects:  43% (19/44)        
2025-05-28T05:02:06.4374668Z remote: Counting objects:  45% (20/44)        
2025-05-28T05:02:06.4376351Z remote: Counting objects:  47% (21/44)        
2025-05-28T05:02:06.4378025Z remote: Counting objects:  50% (22/44)        
2025-05-28T05:02:06.4379904Z remote: Counting objects:  52% (23/44)        
2025-05-28T05:02:06.4381933Z remote: Counting objects:  54% (24/44)        
2025-05-28T05:02:06.4384252Z remote: Counting objects:  56% (25/44)        
2025-05-28T05:02:06.4386288Z remote: Counting objects:  59% (26/44)        
2025-05-28T05:02:06.4388760Z remote: Counting objects:  61% (27/44)        
2025-05-28T05:02:06.4391472Z remote: Counting objects:  63% (28/44)        
2025-05-28T05:02:06.4393425Z remote: Counting objects:  65% (29/44)        
2025-05-28T05:02:06.4394989Z remote: Counting objects:  68% (30/44)        
2025-05-28T05:02:06.4396436Z remote: Counting objects:  70% (31/44)        
2025-05-28T05:02:06.4397882Z remote: Counting objects:  72% (32/44)        
2025-05-28T05:02:06.4399573Z remote: Counting objects:  75% (33/44)        
2025-05-28T05:02:06.4401034Z remote: Counting objects:  77% (34/44)        
2025-05-28T05:02:06.4402522Z remote: Counting objects:  79% (35/44)        
2025-05-28T05:02:06.4403987Z remote: Counting objects:  81% (36/44)        
2025-05-28T05:02:06.4405453Z remote: Counting objects:  84% (37/44)        
2025-05-28T05:02:06.4406935Z remote: Counting objects:  86% (38/44)        
2025-05-28T05:02:06.4408391Z remote: Counting objects:  88% (39/44)        
2025-05-28T05:02:06.4410151Z remote: Counting objects:  90% (40/44)        
2025-05-28T05:02:06.4411749Z remote: Counting objects:  93% (41/44)        
2025-05-28T05:02:06.4413295Z remote: Counting objects:  95% (42/44)        
2025-05-28T05:02:06.4414877Z remote: Counting objects:  97% (43/44)        
2025-05-28T05:02:06.4416484Z remote: Counting objects: 100% (44/44)        
2025-05-28T05:02:06.4418155Z remote: Counting objects: 100% (44/44), done.        
2025-05-28T05:02:06.4420167Z remote: Compressing objects:   2% (1/37)        
2025-05-28T05:02:06.4421785Z remote: Compressing objects:   5% (2/37)        
2025-05-28T05:02:06.4423350Z remote: Compressing objects:   8% (3/37)        
2025-05-28T05:02:06.4424930Z remote: Compressing objects:  10% (4/37)        
2025-05-28T05:02:06.4426489Z remote: Compressing objects:  13% (5/37)        
2025-05-28T05:02:06.4428032Z remote: Compressing objects:  16% (6/37)        
2025-05-28T05:02:06.4430026Z remote: Compressing objects:  18% (7/37)        
2025-05-28T05:02:06.4431588Z remote: Compressing objects:  21% (8/37)        
2025-05-28T05:02:06.4433105Z remote: Compressing objects:  24% (9/37)        
2025-05-28T05:02:06.4434607Z remote: Compressing objects:  27% (10/37)        
2025-05-28T05:02:06.4436128Z remote: Compressing objects:  29% (11/37)        
2025-05-28T05:02:06.4437645Z remote: Compressing objects:  32% (12/37)        
2025-05-28T05:02:06.4439403Z remote: Compressing objects:  35% (13/37)        
2025-05-28T05:02:06.4440966Z remote: Compressing objects:  37% (14/37)        
2025-05-28T05:02:06.4442503Z remote: Compressing objects:  40% (15/37)        
2025-05-28T05:02:06.4444051Z remote: Compressing objects:  43% (16/37)        
2025-05-28T05:02:06.4445603Z remote: Compressing objects:  45% (17/37)        
2025-05-28T05:02:06.4447157Z remote: Compressing objects:  48% (18/37)        
2025-05-28T05:02:06.4448709Z remote: Compressing objects:  51% (19/37)        
2025-05-28T05:02:06.4450405Z remote: Compressing objects:  54% (20/37)        
2025-05-28T05:02:06.4451968Z remote: Compressing objects:  56% (21/37)        
2025-05-28T05:02:06.4453524Z remote: Compressing objects:  59% (22/37)        
2025-05-28T05:02:06.4455054Z remote: Compressing objects:  62% (23/37)        
2025-05-28T05:02:06.4456584Z remote: Compressing objects:  64% (24/37)        
2025-05-28T05:02:06.4458115Z remote: Compressing objects:  67% (25/37)        
2025-05-28T05:02:06.4459844Z remote: Compressing objects:  70% (26/37)        
2025-05-28T05:02:06.4461396Z remote: Compressing objects:  72% (27/37)        
2025-05-28T05:02:06.4462962Z remote: Compressing objects:  75% (28/37)        
2025-05-28T05:02:06.4464530Z remote: Compressing objects:  78% (29/37)        
2025-05-28T05:02:06.4466071Z remote: Compressing objects:  81% (30/37)        
2025-05-28T05:02:06.4467615Z remote: Compressing objects:  83% (31/37)        
2025-05-28T05:02:06.4469258Z remote: Compressing objects:  86% (32/37)        
2025-05-28T05:02:06.4470812Z remote: Compressing objects:  89% (33/37)        
2025-05-28T05:02:06.4472356Z remote: Compressing objects:  91% (34/37)        
2025-05-28T05:02:06.4474102Z remote: Compressing objects:  94% (35/37)        
2025-05-28T05:02:06.4475609Z remote: Compressing objects:  97% (36/37)        
2025-05-28T05:02:06.4477129Z remote: Compressing objects: 100% (37/37)        
2025-05-28T05:02:06.4478733Z remote: Compressing objects: 100% (37/37), done.        
2025-05-28T05:02:06.4546408Z remote: Total 44 (delta 2), reused 35 (delta 2), pack-reused 0 (from 0)        
2025-05-28T05:02:06.4632066Z From https://github.com/sanjay-rb/docker-kubernetes-notes
2025-05-28T05:02:06.4634633Z  * [new ref]         dcf115a1786dee35d8d713437fd18ff1deb573b6 -> origin/main
2025-05-28T05:02:06.4660828Z ##[endgroup]
2025-05-28T05:02:06.4663021Z ##[group]Determining the checkout info
2025-05-28T05:02:06.4664959Z ##[endgroup]
2025-05-28T05:02:06.4667062Z ##[group]Checking out the ref
2025-05-28T05:02:06.4669238Z [command]/usr/bin/git checkout --progress --force -B main refs/remotes/origin/main
2025-05-28T05:02:06.4738755Z Switched to a new branch 'main'
2025-05-28T05:02:06.4741197Z branch 'main' set up to track 'origin/main'.
2025-05-28T05:02:06.4748092Z ##[endgroup]
2025-05-28T05:02:06.4785304Z [command]/usr/bin/git log -1 --format='%H'
2025-05-28T05:02:06.4812276Z 'dcf115a1786dee35d8d713437fd18ff1deb573b6'
2025-05-28T05:02:06.5079146Z ##[group]Run docker login -u *** -p ***
2025-05-28T05:02:06.5080791Z [36;1mdocker login -u *** -p ***[0m
2025-05-28T05:02:06.5230591Z shell: /usr/bin/bash -e {0}
2025-05-28T05:02:06.5231708Z ##[endgroup]
2025-05-28T05:02:06.5745657Z WARNING! Using --password via the CLI is insecure. Use --password-stdin.
2025-05-28T05:02:06.7796416Z 
2025-05-28T05:02:06.7797499Z Login Succeeded
2025-05-28T05:02:06.7801253Z WARNING! Your credentials are stored unencrypted in '/home/runner/.docker/config.json'.
2025-05-28T05:02:06.7804926Z Configure a credential helper to remove this warning. See
2025-05-28T05:02:06.7807319Z https://docs.docker.com/go/credential-store/
2025-05-28T05:02:06.7808641Z 
2025-05-28T05:02:06.7898393Z ##[group]Run docker build -t sanjoke/react-frontend -f Dockerfile.dev .
2025-05-28T05:02:06.7900512Z [36;1mdocker build -t sanjoke/react-frontend -f Dockerfile.dev .[0m
2025-05-28T05:02:06.7957331Z shell: /usr/bin/bash -e {0}
2025-05-28T05:02:06.7958344Z ##[endgroup]
2025-05-28T05:02:07.2710302Z #0 building with "default" instance using docker driver
2025-05-28T05:02:07.2711327Z 
2025-05-28T05:02:07.2711913Z #1 [internal] load build definition from Dockerfile.dev
2025-05-28T05:02:07.2713321Z #1 transferring dockerfile: 154B done
2025-05-28T05:02:07.2714403Z #1 DONE 0.0s
2025-05-28T05:02:07.2714856Z 
2025-05-28T05:02:07.2715473Z #2 [auth] library/node:pull token for registry-1.docker.io
2025-05-28T05:02:07.2716775Z #2 DONE 0.0s
2025-05-28T05:02:07.2717226Z 
2025-05-28T05:02:07.2717936Z #3 [internal] load metadata for docker.io/library/node:lts-alpine
2025-05-28T05:02:07.4789991Z #3 DONE 0.4s
2025-05-28T05:02:07.5973118Z 
2025-05-28T05:02:07.5974181Z #4 [internal] load .dockerignore
2025-05-28T05:02:07.5975784Z #4 transferring context: 80B done
2025-05-28T05:02:07.5976954Z #4 DONE 0.0s
2025-05-28T05:02:07.5977431Z 
2025-05-28T05:02:07.5977810Z #5 [internal] load build context
2025-05-28T05:02:07.5978883Z #5 transferring context: 32.79kB done
2025-05-28T05:02:07.5980408Z #5 DONE 0.0s
2025-05-28T05:02:07.5981144Z 
2025-05-28T05:02:07.5983529Z #6 [1/5] FROM docker.io/library/node:lts-alpine@sha256:9f3ae04faa4d2188825803bf890792f33cc39033c9241fc6bb201149470436ca
2025-05-28T05:02:07.5988099Z #6 resolve docker.io/library/node:lts-alpine@sha256:9f3ae04faa4d2188825803bf890792f33cc39033c9241fc6bb201149470436ca done
2025-05-28T05:02:07.5991952Z #6 extracting sha256:f18232174bc91741fdf3da96d85011092101a032a93a388b79e99e69c2d5c870
2025-05-28T05:02:07.5995007Z #6 sha256:36b1e935258dedce526577e13de9618e02c3d6d3a68d715cc84b4d550ecb71e0 0B / 448B 0.1s
2025-05-28T05:02:07.5998042Z #6 sha256:9f3ae04faa4d2188825803bf890792f33cc39033c9241fc6bb201149470436ca 6.41kB / 6.41kB done
2025-05-28T05:02:07.6002339Z #6 sha256:4437d7c27c4b9306c577caa17577dc7b367fc320fb7469dbe2c994e23b11d11c 1.72kB / 1.72kB done
2025-05-28T05:02:07.6006962Z #6 sha256:4f021eec40925e3101cfed8ecb38d55b09bb9d5e65b72b64b8a22f440053d108 6.21kB / 6.21kB done
2025-05-28T05:02:07.6011180Z #6 sha256:f18232174bc91741fdf3da96d85011092101a032a93a388b79e99e69c2d5c870 3.64MB / 3.64MB 0.1s done
2025-05-28T05:02:07.6014580Z #6 sha256:c407900702d9438094e167b32c235ca0518f2382e39fd2103dfddec2d7a0368b 0B / 50.96MB 0.1s
2025-05-28T05:02:07.6018173Z #6 sha256:19a105e4139619cfe616b958dd5be25b77fb21274d9dc8d999008d3f1e56a1c1 1.26MB / 1.26MB 0.1s done
2025-05-28T05:02:07.7976095Z #6 extracting sha256:f18232174bc91741fdf3da96d85011092101a032a93a388b79e99e69c2d5c870 0.1s done
2025-05-28T05:02:07.7977467Z #6 sha256:36b1e935258dedce526577e13de9618e02c3d6d3a68d715cc84b4d550ecb71e0 448B / 448B 0.1s done
2025-05-28T05:02:07.7978735Z #6 sha256:c407900702d9438094e167b32c235ca0518f2382e39fd2103dfddec2d7a0368b 47.19MB / 50.96MB 0.3s
2025-05-28T05:02:08.0004665Z #6 sha256:c407900702d9438094e167b32c235ca0518f2382e39fd2103dfddec2d7a0368b 50.96MB / 50.96MB 0.4s done
2025-05-28T05:02:08.0009411Z #6 extracting sha256:c407900702d9438094e167b32c235ca0518f2382e39fd2103dfddec2d7a0368b 0.1s
2025-05-28T05:02:09.3263750Z #6 extracting sha256:c407900702d9438094e167b32c235ca0518f2382e39fd2103dfddec2d7a0368b 1.3s done
2025-05-28T05:02:09.4533109Z #6 extracting sha256:19a105e4139619cfe616b958dd5be25b77fb21274d9dc8d999008d3f1e56a1c1
2025-05-28T05:02:09.6916209Z #6 extracting sha256:19a105e4139619cfe616b958dd5be25b77fb21274d9dc8d999008d3f1e56a1c1 0.0s done
2025-05-28T05:02:09.6917369Z #6 extracting sha256:36b1e935258dedce526577e13de9618e02c3d6d3a68d715cc84b4d550ecb71e0 done
2025-05-28T05:02:09.6918211Z #6 DONE 2.0s
2025-05-28T05:02:09.6918401Z 
2025-05-28T05:02:09.6918535Z #7 [2/5] WORKDIR /app
2025-05-28T05:02:09.6918897Z #7 DONE 0.0s
2025-05-28T05:02:09.6919309Z 
2025-05-28T05:02:09.6919420Z #8 [3/5] COPY package.json ./
2025-05-28T05:02:09.6919714Z #8 DONE 0.0s
2025-05-28T05:02:09.6919827Z 
2025-05-28T05:02:09.6920384Z #9 [4/5] RUN npm install
2025-05-28T05:02:33.9641084Z #9 24.42 npm warn deprecated sourcemap-codec@1.4.8: Please use @jridgewell/sourcemap-codec instead
2025-05-28T05:02:34.2085068Z #9 24.52 npm warn deprecated rollup-plugin-terser@7.0.2: This package has been deprecated and is no longer maintained. Please use @rollup/plugin-terser
2025-05-28T05:02:34.7306919Z #9 25.19 npm warn deprecated workbox-cacheable-response@6.6.0: workbox-background-sync@6.6.0
2025-05-28T05:02:34.8508241Z #9 25.24 npm warn deprecated stable@0.1.8: Modern JS already guarantees Array#sort() is a stable sort, so this library is deprecated. See the compatibility table on MDN: https://developer.mozilla.org/en-US/docs/Web/JavaScript/Reference/Global_Objects/Array/sort#browser_compatibility
2025-05-28T05:02:34.8511217Z #9 25.31 npm warn deprecated workbox-google-analytics@6.6.0: It is not compatible with newer versions of GA starting with v4, as long as you are using GAv3 it should be ok, but the package is not longer being maintained
2025-05-28T05:02:35.0447708Z #9 25.35 npm warn deprecated q@1.5.1: You or someone you depend on is using Q, the JavaScript Promise library that gave JavaScript developers strong feelings about promises. They can almost certainly migrate to the native JavaScript promise now. Thank you literally everyone for joining me in this bet against the odds. Be excellent to each other.
2025-05-28T05:02:35.0450149Z #9 25.35 npm warn deprecated
2025-05-28T05:02:35.0450884Z #9 25.35 npm warn deprecated (For a CapTP with native promises, see @endo/eventual-send and @endo/captp)
2025-05-28T05:02:35.4733565Z #9 25.93 npm warn deprecated w3c-hr-time@1.0.2: Use your platform's native performance.now() and performance.timeOrigin.
2025-05-28T05:02:35.6470235Z #9 25.93 npm warn deprecated abab@2.0.6: Use your platform's native atob() and btoa() methods instead
2025-05-28T05:02:35.6474521Z #9 25.96 npm warn deprecated domexception@2.0.1: Use your platform's native DOMException instead
2025-05-28T05:02:35.6840918Z #9 26.14 npm warn deprecated inflight@1.0.6: This module is not supported, and leaks memory. Do not use it. Check out lru-cache if you want a good and tested way to coalesce async requests by a key value, which is much more comprehensive and powerful.
2025-05-28T05:02:35.8583097Z #9 26.17 npm warn deprecated glob@7.2.3: Glob versions prior to v9 are no longer supported
2025-05-28T05:02:35.8964283Z #9 26.36 npm warn deprecated rimraf@3.0.2: Rimraf versions prior to v4 are no longer supported
2025-05-28T05:02:36.4643007Z #9 26.92 npm warn deprecated @humanwhocodes/object-schema@2.0.3: Use @eslint/object-schema instead
2025-05-28T05:02:36.5686512Z #9 27.03 npm warn deprecated @humanwhocodes/config-array@0.13.0: Use @eslint/config-array instead
2025-05-28T05:02:36.7143980Z #9 27.17 npm warn deprecated @babel/plugin-proposal-private-methods@7.18.6: This proposal has been merged to the ECMAScript standard and thus this plugin is no longer maintained. Please use @babel/plugin-transform-private-methods instead.
2025-05-28T05:02:36.9049392Z #9 27.19 npm warn deprecated @babel/plugin-proposal-optional-chaining@7.21.0: This proposal has been merged to the ECMAScript standard and thus this plugin is no longer maintained. Please use @babel/plugin-transform-optional-chaining instead.
2025-05-28T05:02:36.9051212Z #9 27.19 npm warn deprecated @babel/plugin-proposal-numeric-separator@7.18.6: This proposal has been merged to the ECMAScript standard and thus this plugin is no longer maintained. Please use @babel/plugin-transform-numeric-separator instead.
2025-05-28T05:02:36.9053808Z #9 27.19 npm warn deprecated @babel/plugin-proposal-nullish-coalescing-operator@7.18.6: This proposal has been merged to the ECMAScript standard and thus this plugin is no longer maintained. Please use @babel/plugin-transform-nullish-coalescing-operator instead.
2025-05-28T05:02:36.9056723Z #9 27.21 npm warn deprecated @babel/plugin-proposal-class-properties@7.18.6: This proposal has been merged to the ECMAScript standard and thus this plugin is no longer maintained. Please use @babel/plugin-transform-class-properties instead.
2025-05-28T05:02:39.0695654Z #9 29.53 npm warn deprecated @babel/plugin-proposal-private-property-in-object@7.21.11: This proposal has been merged to the ECMAScript standard and thus this plugin is no longer maintained. Please use @babel/plugin-transform-private-property-in-object instead.
2025-05-28T05:02:39.2281975Z #9 29.69 npm warn deprecated svgo@1.3.2: This SVGO version is no longer supported. Upgrade to v2.x.x.
2025-05-28T05:02:40.7759561Z #9 31.23 npm warn deprecated eslint@8.57.1: This version is no longer supported. Please see https://eslint.org/version-support for other options.
2025-05-28T05:02:42.5330693Z #9 32.99 
2025-05-28T05:02:42.5331180Z #9 32.99 added 1468 packages, and audited 1469 packages in 33s
2025-05-28T05:02:42.5331702Z #9 32.99 
2025-05-28T05:02:42.5332043Z #9 32.99 272 packages are looking for funding
2025-05-28T05:02:42.5332589Z #9 32.99   run `npm fund` for details
2025-05-28T05:02:42.6894692Z #9 33.00 
2025-05-28T05:02:42.6921044Z #9 33.00 8 vulnerabilities (2 moderate, 6 high)
2025-05-28T05:02:42.6921830Z #9 33.00 
2025-05-28T05:02:42.6922472Z #9 33.00 To address all issues (including breaking changes), run:
2025-05-28T05:02:42.6925546Z #9 33.00   npm audit fix --force
2025-05-28T05:02:42.6926489Z #9 33.00 
2025-05-28T05:02:42.6927187Z #9 33.00 Run `npm audit` for details.
2025-05-28T05:02:42.6927929Z #9 33.00 npm notice
2025-05-28T05:02:42.6928620Z #9 33.00 npm notice New major version of npm available! 10.9.2 -> 11.4.1
2025-05-28T05:02:42.6929799Z #9 33.00 npm notice Changelog: https://github.com/npm/cli/releases/tag/v11.4.1
2025-05-28T05:02:42.6930660Z #9 33.00 npm notice To update run: npm install -g npm@11.4.1
2025-05-28T05:02:42.6931354Z #9 33.00 npm notice
2025-05-28T05:02:44.2443558Z #9 DONE 34.7s
2025-05-28T05:02:44.4139876Z 
2025-05-28T05:02:44.4148087Z #10 [5/5] COPY ./ ./
2025-05-28T05:02:44.4148764Z #10 DONE 0.0s
2025-05-28T05:02:44.4149136Z 
2025-05-28T05:02:44.4149552Z #11 exporting to image
2025-05-28T05:02:44.4149938Z #11 exporting layers
2025-05-28T05:02:50.7552155Z #11 exporting layers 6.5s done
2025-05-28T05:02:50.7756843Z #11 writing image sha256:666fdee70ea790005e6f242608643349d0662cff5833c7bce4e79e742720b0dd done
2025-05-28T05:02:50.7758760Z #11 naming to docker.io/sanjoke/react-frontend done
2025-05-28T05:02:50.7759471Z #11 DONE 6.5s
2025-05-28T05:02:50.7919525Z ##[group]Run docker run -e CI=true sanjoke/react-frontend npm run test
2025-05-28T05:02:50.7920298Z [36;1mdocker run -e CI=true sanjoke/react-frontend npm run test[0m
2025-05-28T05:02:50.7983771Z shell: /usr/bin/bash -e {0}
2025-05-28T05:02:50.7984127Z ##[endgroup]
2025-05-28T05:02:51.2331514Z 
2025-05-28T05:02:51.2331854Z > frontend@0.1.0 test
2025-05-28T05:02:51.2332153Z > react-scripts test
2025-05-28T05:02:51.2332300Z 
2025-05-28T05:02:53.2873590Z   console.error
2025-05-28T05:02:53.2874820Z     Warning: `ReactDOMTestUtils.act` is deprecated in favor of `React.act`. Import `act` from `react` instead of `react-dom/test-utils`. See https://react.dev/warnings/react-dom-test-utils for more info.
2025-05-28T05:02:53.2875628Z 
2025-05-28T05:02:53.2875930Z     [0m [90m 3 |[39m
2025-05-28T05:02:53.2876355Z      [90m 4 |[39m test([32m'renders learn react link'[39m[33m,[39m () [33m=>[39m {
2025-05-28T05:02:53.2877044Z     [31m[1m>[22m[39m[90m 5 |[39m   render([33m<[39m[33mApp[39m [33m/[39m[33m>[39m)[33m;[39m
2025-05-28T05:02:53.2877517Z      [90m   |[39m         [31m[1m^[22m[39m
2025-05-28T05:02:53.2878185Z      [90m 6 |[39m   [36mconst[39m linkElement [33m=[39m screen[33m.[39mgetByText([35m/learn react/i[39m)[33m;[39m
2025-05-28T05:02:53.2878848Z      [90m 7 |[39m   expect(linkElement)[33m.[39mtoBeInTheDocument()[33m;[39m
2025-05-28T05:02:53.2879612Z      [90m 8 |[39m })[33m;[39m[0m
2025-05-28T05:02:53.2879788Z 
2025-05-28T05:02:53.2880075Z       at printWarning (node_modules/react-dom/cjs/react-dom-test-utils.development.js:71:30)
2025-05-28T05:02:53.2880679Z       at error (node_modules/react-dom/cjs/react-dom-test-utils.development.js:45:7)
2025-05-28T05:02:53.2881294Z       at actWithWarning (node_modules/react-dom/cjs/react-dom-test-utils.development.js:1736:7)
2025-05-28T05:02:53.2881841Z       at node_modules/@testing-library/react/dist/act-compat.js:63:25
2025-05-28T05:02:53.2882320Z       at renderRoot (node_modules/@testing-library/react/dist/pure.js:159:26)
2025-05-28T05:02:53.2882801Z       at render (node_modules/@testing-library/react/dist/pure.js:246:10)
2025-05-28T05:02:53.2883197Z       at Object.<anonymous> (src/App.test.js:5:9)
2025-05-28T05:02:53.2883698Z       at TestScheduler.scheduleTests (node_modules/@jest/core/build/TestScheduler.js:333:13)
2025-05-28T05:02:53.2884232Z       at runJest (node_modules/@jest/core/build/runJest.js:404:19)
2025-05-28T05:02:53.2884652Z       at _run10000 (node_modules/@jest/core/build/cli/index.js:320:7)
2025-05-28T05:02:53.2885062Z       at runCLI (node_modules/@jest/core/build/cli/index.js:173:3)
2025-05-28T05:02:53.2885321Z 
2025-05-28T05:02:53.3457140Z PASS src/App.test.js
2025-05-28T05:02:53.3465496Z   ✓ renders learn react link (76 ms)
2025-05-28T05:02:53.3465780Z 
2025-05-28T05:02:53.3497686Z Test Suites: 1 passed, 1 total
2025-05-28T05:02:53.3498155Z Tests:       1 passed, 1 total
2025-05-28T05:02:53.3498559Z Snapshots:   0 total
2025-05-28T05:02:53.3498929Z Time:        1.493 s
2025-05-28T05:02:53.3499486Z Ran all test suites.
2025-05-28T05:02:53.4649780Z ##[group]Run zip -r deploy.zip . -x '*.git*'
2025-05-28T05:02:53.4650160Z [36;1mzip -r deploy.zip . -x '*.git*'[0m
2025-05-28T05:02:53.4701224Z shell: /usr/bin/bash -e {0}
2025-05-28T05:02:53.4701470Z ##[endgroup]
2025-05-28T05:02:53.4813670Z   adding: docker-compose-dev.yml (deflated 55%)
2025-05-28T05:02:53.4814216Z   adding: .dockerignore (stored 0%)
2025-05-28T05:02:53.4814683Z   adding: package.json (deflated 59%)
2025-05-28T05:02:53.4815082Z   adding: Dockerfile (deflated 26%)
2025-05-28T05:02:53.4816835Z   adding: public/ (stored 0%)
2025-05-28T05:02:53.4818081Z   adding: public/logo512.png (deflated 0%)
2025-05-28T05:02:53.4819662Z   adding: public/favicon.ico (deflated 11%)
2025-05-28T05:02:53.4821013Z   adding: public/logo192.png (deflated 1%)
2025-05-28T05:02:53.4821650Z   adding: public/manifest.json (deflated 53%)
2025-05-28T05:02:53.4822248Z   adding: public/robots.txt (deflated 10%)
2025-05-28T05:02:53.4822875Z   adding: public/index.html (deflated 52%)
2025-05-28T05:02:53.4824329Z   adding: README.md (deflated 65%)
2025-05-28T05:02:53.4824872Z   adding: src/ (stored 0%)
2025-05-28T05:02:53.4825490Z   adding: src/logo.svg (deflated 52%)
2025-05-28T05:02:53.4826025Z   adding: src/index.js (deflated 42%)
2025-05-28T05:02:53.4826594Z   adding: src/index.css (deflated 34%)
2025-05-28T05:02:53.4827587Z   adding: src/App.js (deflated 48%)
2025-05-28T05:02:53.4828023Z   adding: src/App.test.js (deflated 31%)
2025-05-28T05:02:53.4828466Z   adding: src/App.css (deflated 45%)
2025-05-28T05:02:53.4828923Z   adding: src/reportWebVitals.js (deflated 51%)
2025-05-28T05:02:53.4829788Z   adding: src/setupTests.js (deflated 29%)
2025-05-28T05:02:53.4830270Z   adding: Dockerfile.dev (deflated 9%)
2025-05-28T05:02:53.4880832Z ##[group]Run einaregilsson/beanstalk-deploy@v18
2025-05-28T05:02:53.4881161Z with:
2025-05-28T05:02:53.4881492Z   aws_access_key: ***
2025-05-28T05:02:53.4881796Z   aws_secret_key: ***
2025-05-28T05:02:53.4882039Z   application_name: react-frontend
2025-05-28T05:02:53.4882318Z   environment_name: React-frontend-env
2025-05-28T05:02:53.4882678Z   existing_bucket_name: elasticbeanstalk-us-east-1-162377439664
2025-05-28T05:02:53.4883026Z   region: us-east-1
2025-05-28T05:02:53.4883306Z   version_label: dcf115a1786dee35d8d713437fd18ff1deb573b6
2025-05-28T05:02:53.4883650Z   deployment_package: react-frontend/deploy.zip
2025-05-28T05:02:53.4883952Z ##[endgroup]
2025-05-28T05:02:53.5167033Z Beanstalk-Deploy: GitHub Action for deploying to Elastic Beanstalk.
2025-05-28T05:02:53.5172080Z https://github.com/einaregilsson/beanstalk-deploy
2025-05-28T05:02:53.5172499Z 
2025-05-28T05:02:53.5172677Z  ***** Input parameters were: ***** 
2025-05-28T05:02:53.5174725Z          Application: react-frontend
2025-05-28T05:02:53.5175202Z          Environment: React-frontend-env
2025-05-28T05:02:53.5175731Z        Version Label: dcf115a1786dee35d8d713437fd18ff1deb573b6
2025-05-28T05:02:53.5176250Z  Version description: 
2025-05-28T05:02:53.5176610Z           AWS Region: us-east-1
2025-05-28T05:02:53.5177026Z                 File: react-frontend/deploy.zip
2025-05-28T05:02:53.5177589Z Existing bucket Name: elasticbeanstalk-us-east-1-162377439664
2025-05-28T05:02:53.5178167Z       AWS Access Key: 20 characters long, starts with A
2025-05-28T05:02:53.5178701Z       AWS Secret Key: 40 characters long, starts with T
2025-05-28T05:02:53.5179298Z  Wait for deployment: true
2025-05-28T05:02:53.5179554Z   Recovery wait time: 30
2025-05-28T05:02:53.5179706Z 
2025-05-28T05:02:53.6508083Z Uploading file to bucket elasticbeanstalk-us-east-1-162377439664
2025-05-28T05:02:53.8172997Z New build successfully uploaded to S3, bucket=elasticbeanstalk-us-east-1-162377439664, key=/react-frontend/dcf115a1786dee35d8d713437fd18ff1deb573b6.zip
2025-05-28T05:02:54.0839412Z Created new application version dcf115a1786dee35d8d713437fd18ff1deb573b6 in Beanstalk.
2025-05-28T05:02:54.0840574Z Starting deployment of version dcf115a1786dee35d8d713437fd18ff1deb573b6 to environment React-frontend-env
2025-05-28T05:02:54.8032712Z Deployment started, "wait_for_deployment" was true...
2025-05-28T05:02:54.8033196Z 
2025-05-28T05:02:54.8746037Z 05:02:54 INFO: Environment update is starting.
2025-05-28T05:03:25.5191194Z 05:03:18 INFO: Deploying new version to instance(s).
2025-05-28T05:03:46.0916151Z 05:03:46 INFO: Still updating, status is "Updating", health is "Green", health status is "Ok"
2025-05-28T05:04:47.1895845Z 05:04:47 INFO: Still updating, status is "Updating", health is "Green", health status is "Ok"
2025-05-28T05:05:17.7560328Z 05:05:14 INFO: Instance deployment completed successfully.
2025-05-28T05:05:38.1774069Z 05:05:33 INFO: New application version was deployed to running EC2 instances.
2025-05-28T05:05:38.1775316Z 05:05:33 INFO: Environment update completed successfully.
2025-05-28T05:05:38.1776219Z 05:05:33 INFO: Environment health has transitioned from Ok to Info. Application update in progress. 1 out of 1 instance completed (running for 2 minutes).
2025-05-28T05:05:38.2758077Z Deployment finished. Version updated to dcf115a1786dee35d8d713437fd18ff1deb573b6
2025-05-28T05:05:38.2759267Z Status for react-frontend-React-frontend-env is Ready, Health: Green, HealthStatus: Ok
2025-05-28T05:05:38.2759745Z Environment update successful!
2025-05-28T05:05:38.2861871Z Post job cleanup.
2025-05-28T05:05:38.3723242Z [command]/usr/bin/git version
2025-05-28T05:05:38.3763737Z git version 2.49.0
2025-05-28T05:05:38.3811741Z Temporarily overriding HOME='/home/runner/work/_temp/df758bda-f97b-4887-aaa5-55d7fd493e12' before making global git config changes
2025-05-28T05:05:38.3812915Z Adding repository directory to the temporary git global config as a safe directory
2025-05-28T05:05:38.3815568Z [command]/usr/bin/git config --global --add safe.directory /home/runner/work/docker-kubernetes-notes/docker-kubernetes-notes
2025-05-28T05:05:38.3847859Z [command]/usr/bin/git config --local --name-only --get-regexp core\.sshCommand
2025-05-28T05:05:38.3878299Z [command]/usr/bin/git submodule foreach --recursive sh -c "git config --local --name-only --get-regexp 'core\.sshCommand' && git config --local --unset-all 'core.sshCommand' || :"
2025-05-28T05:05:38.4101297Z [command]/usr/bin/git config --local --name-only --get-regexp http\.https\:\/\/github\.com\/\.extraheader
2025-05-28T05:05:38.4122898Z http.https://github.com/.extraheader
2025-05-28T05:05:38.4132853Z [command]/usr/bin/git config --local --unset-all http.https://github.com/.extraheader
2025-05-28T05:05:38.4161979Z [command]/usr/bin/git submodule foreach --recursive sh -c "git config --local --name-only --get-regexp 'http\.https\:\/\/github\.com\/\.extraheader' && git config --local --unset-all 'http.https://github.com/.extraheader' || :"
2025-05-28T05:05:38.4509567Z Cleaning up orphan processes
